// Jest Snapshot v1, https://goo.gl/fbAQLP

exports[`matches the snapshot 1`] = `
<div>
  <header>
    <nav
      className="nav"
    >
      <div>
        <button
          className="like-button"
          onClick={[Function]}
        >
          <i
            className="far fa-thumbs-up fa-lg"
          />
          0
        </button>
        <div
          className="like-list"
        >
          <ul />
        </div>
      </div>
    </nav>
  </header>
  <div
    className="catalog-container"
  >
    <div
      className="product-menu"
    >
      <p>
        8
         items
      </p>
      <button
        className="button__hide-sold"
        onClick={[Function]}
      >
        Hide sold items
      </button>
    </div>
    <div
      className="product-container"
    >
      <div
        className="items-container"
      >
        <div
          id={1}
        >
          <img
            alt="product"
            className="product__img"
            src="https://d2h1pu99sxkfvn.cloudfront.net/b0/3496737/474561229_0tM1X9VwSk/P8.jpg"
          />
          <h3
            className="product__title"
          >
            Vintage Yellow Champion jumper
          </h3>
          <div
            className="product__brand"
          >
            @
            28_Vintage
          </div>
          <div
            className="product-details"
          >
            <div
              className="product__size"
            >
              Mens XL
            </div>
            <div
              className="product__price"
            >
              Â£35
            </div>
            <span
              onClick={[Function]}
            >
              <i
                className="far fa-thumbs-up fa-2x product__like"
              />
            </span>
          </div>
        </div>
        <div
          id={2}
        >
          <img
            alt="product"
            className="product__img"
            src="https://d2h1pu99sxkfvn.cloudfront.net/b0/9178477/493292127_7EU6wiOPy3/P8.jpg"
          />
          <h3
            className="product__title"
          >
            Marc Jacobs frill mini dress
          </h3>
          <div
            className="product__brand"
          >
            @
            andreea_saioc
          </div>
          <div
            className="product-details"
          >
            <div
              className="product__size"
            >
              12
            </div>
            <div
              className="product__price"
            >
              Â£42
            </div>
            <span
              onClick={[Function]}
            >
              <i
                className="far fa-thumbs-up fa-2x product__like"
              />
            </span>
          </div>
        </div>
        <div
          id={3}
        >
          <div
            className="product-sold-container"
          >
            <div
              className="product__sold"
            >
              sold - too
              <span
                aria-label="fire emoji"
                role="img"
              >
                ðŸ”¥
              </span>
            </div>
            <img
              alt="product"
              className="product__img"
              src="https://d2h1pu99sxkfvn.cloudfront.net/b0/2715120/495715165_Gl4MFCg3Yf/P8.jpg"
            />
          </div>
          <h3
            className="product__title"
          >
            Oversized Longline Trench Coat
          </h3>
          <div
            className="product__brand"
          >
            @
            Rainbow_Vintage
          </div>
          <div
            className="product-details"
          >
            <div
              className="product__size"
            >
              10 +
            </div>
            <div
              className="product__price"
            >
              Â£25
            </div>
            <span
              onClick={[Function]}
            >
              <i
                className="far fa-thumbs-up fa-2x product__like"
              />
            </span>
          </div>
        </div>
        <div
          id={4}
        >
          <img
            alt="product"
            className="product__img"
            src="https://d2h1pu99sxkfvn.cloudfront.net/b0/3834866/495492838_oAlvbJTI9n/P8.jpg"
          />
          <h3
            className="product__title"
          >
            Y2K Red Fred Perry Shirt
          </h3>
          <div
            className="product__brand"
          >
            @
            Onimos
          </div>
          <div
            className="product-details"
          >
            <div
              className="product__size"
            >
              Medium
            </div>
            <div
              className="product__price"
            >
              Â£30
            </div>
            <span
              onClick={[Function]}
            >
              <i
                className="far fa-thumbs-up fa-2x product__like"
              />
            </span>
          </div>
        </div>
        <div
          id={5}
        >
          <img
            alt="product"
            className="product__img"
            src="https://d2h1pu99sxkfvn.cloudfront.net/b0/3456304/481006048_jg5a8tXoOU/P8.jpg"
          />
          <h3
            className="product__title"
          >
            Oversized gola jumper
          </h3>
          <div
            className="product__brand"
          >
            @
            Minisworld
          </div>
          <div
            className="product-details"
          >
            <div
              className="product__size"
            >
              Boys XL
            </div>
            <div
              className="product__price"
            >
              Â£30
            </div>
            <span
              onClick={[Function]}
            >
              <i
                className="far fa-thumbs-up fa-2x product__like"
              />
            </span>
          </div>
        </div>
        <div
          id={6}
        >
          <img
            alt="product"
            className="product__img"
            src="https://d2h1pu99sxkfvn.cloudfront.net/b0/2331652/493195246_sZG5SUxnjb/P8.jpg"
          />
          <h3
            className="product__title"
          >
            Crazy print pattern shirt dress
          </h3>
          <div
            className="product__brand"
          >
            @
            Milingona
          </div>
          <div
            className="product-details"
          >
            <div
              className="product__size"
            >
              Large
            </div>
            <div
              className="product__price"
            >
              Â£25
            </div>
            <span
              onClick={[Function]}
            >
              <i
                className="far fa-thumbs-up fa-2x product__like"
              />
            </span>
          </div>
        </div>
        <div
          id={7}
        >
          <img
            alt="product"
            className="product__img"
            src="https://d2h1pu99sxkfvn.cloudfront.net/b0/3512396/486827753_IA74PcO3TG/P8.jpg"
          />
          <h3
            className="product__title"
          >
            Nikaiyo compact film camera
          </h3>
          <div
            className="product__brand"
          >
            @
            dthcameras
          </div>
          <div
            className="product-details"
          >
            <div
              className="product__size"
            >
              Film, 35mm
            </div>
            <div
              className="product__price"
            >
              Â£20
            </div>
            <span
              onClick={[Function]}
            >
              <i
                className="far fa-thumbs-up fa-2x product__like"
              />
            </span>
          </div>
        </div>
        <div
          id={8}
        >
          <img
            alt="product"
            className="product__img"
            src="https://d2h1pu99sxkfvn.cloudfront.net/b0/2648321/494628660_5SXjgOvMsb/P8.jpg"
          />
          <h3
            className="product__title"
          >
            Patagonia hat
          </h3>
          <div
            className="product__brand"
          >
            @
            Fruity_Finds
          </div>
          <div
            className="product-details"
          >
            <div
              className="product__size"
            >
              Small
            </div>
            <div
              className="product__price"
            >
              Â£21
            </div>
            <span
              onClick={[Function]}
            >
              <i
                className="far fa-thumbs-up fa-2x product__like"
              />
            </span>
          </div>
        </div>
      </div>
    </div>
  </div>
</div>
`;
